// Jest Snapshot v1, https://goo.gl/fbAQLP

exports[`LikesChart.vue should match snapshot 1`] = `""`;
