// Jest Snapshot v1, https://goo.gl/fbAQLP

exports[`MainBanner.vue should match snapshot 1`] = `""`;
