// Jest Snapshot v1, https://goo.gl/fbAQLP

exports[`Modal.vue should match snapshot 1`] = `
<div class="layout row justify-center">
  <div role="dialog" class="v-dialog__container"></div>
</div>
`;
