// Jest Snapshot v1, https://goo.gl/fbAQLP

exports[`ViewsChart.vue should match snapshot 1`] = `""`;
